{
  "version": "1.9",
  "metadata": {
    "language": {
      "name": "python"
    },
    "client": {
      "name": "appmap",
      "url": "https://github.com/applandinc/appmap-python"
    },
    "source_location": "tests/test_simple.py:5",
    "name": "hello world",
    "feature": "Hello world",
    "app": "Simple",
    "recorder": {
      "name": "pytest",
      "type": "tests"
    },
    "test_status": "succeeded"
  },
  "events": [
    {
      "static": true,
      "parameters": [],
      "id": 1,
      "event": "call",
      "thread_id": 1,
      "defined_class": "tests.test_simple",
      "method_id": "test_hello_world",
      "path": "tests/test_simple.py",
      "lineno": 6
    },
    {
      "static": false,
      "receiver": {
        "kind": "req",
        "value": "<simple.Simple object at 0xabcdef>",
        "name": "self",
        "class": "simple.Simple"
      },
      "parameters": [],
      "id": 2,
      "event": "call",
      "thread_id": 1,
      "defined_class": "simple.Simple",
      "method_id": "hello_world",
      "path": "simple.py",
      "lineno": 8
    },
    {
      "static": false,
      "receiver": {
        "kind": "req",
        "value": "<simple.Simple object at 0xabcdef>",
        "name": "self",
        "class": "simple.Simple"
      },
      "parameters": [],
      "id": 3,
      "event": "call",
      "thread_id": 1,
      "defined_class": "simple.Simple",
      "method_id": "hello",
      "path": "simple.py",
      "lineno": 2
    },
    {
      "return_value": {
        "value": "'Hello'",
        "class": "builtins.str"
      },
      "parent_id": 3,
      "id": 4,
      "event": "return",
      "thread_id": 1
    },
    {
      "static": false,
      "receiver": {
        "kind": "req",
        "value": "<simple.Simple object at 0xabcdef>",
        "name": "self",
        "class": "simple.Simple"
      },
      "parameters": [],
      "id": 5,
      "event": "call",
      "thread_id": 1,
      "defined_class": "simple.Simple",
      "method_id": "world",
      "path": "simple.py",
      "lineno": 5
    },
    {
      "return_value": {
        "value": "'world!'",
        "class": "builtins.str"
      },
      "parent_id": 5,
      "id": 6,
      "event": "return",
      "thread_id": 1
    },
    {
      "return_value": {
        "value": "'Hello world!'",
        "class": "builtins.str"
      },
      "parent_id": 2,
      "id": 7,
      "event": "return",
      "thread_id": 1
    },
    {
      "static": false,
      "receiver": {
        "kind": "req",
        "value": "<simple.Simple object at 0xabcdef>",
        "name": "self",
        "class": "simple.Simple"
      },
      "parameters": [],
      "id": 8,
      "event": "call",
      "thread_id": 1,
      "defined_class": "simple.Simple",
      "method_id": "show_numpy_dict",
      "path": "simple.py",
      "lineno": 11
    },
    {
      "static": false,
      "receiver": {
        "kind": "req",
        "value": "<simple.Simple object at 0xabcdef>",
        "name": "self",
        "class": "simple.Simple"
      },
      "parameters": [
        {
          "kind": "req",
          "value": "{np.int64(0): 'zero', np.int64(1): 'one'}",
          "name": "d",
          "class": "builtins.dict",
          "properties": [
            {
              "name": "0",
              "class": "builtins.str"
            },
            {
              "name": "1",
              "class": "builtins.str"
            }
          ],
          "size": 2
        }
      ],
      "id": 9,
      "event": "call",
      "thread_id": 1,
      "defined_class": "simple.Simple",
      "method_id": "get_numpy_dict",
      "path": "simple.py",
      "lineno": 18
    },
    {
      "return_value": {
        "value": "{np.int64(0): 'zero', np.int64(1): 'one'}",
        "class": "builtins.dict",
        "properties": [
          {
            "name": "0",
            "class": "builtins.str"
          },
          {
            "name": "1",
            "class": "builtins.str"
          }
        ],
        "size": 2
      },
      "parent_id": 9,
      "id": 10,
      "event": "return",
      "thread_id": 1
    },
    {
      "return_value": {
        "value": "{np.int64(0): 'zero', np.int64(1): 'one'}",
        "class": "builtins.dict",
        "properties": [
          {
            "name": "0",
            "class": "builtins.str"
          },
          {
            "name": "1",
            "class": "builtins.str"
          }
        ],
        "size": 2
      },
      "parent_id": 8,
      "id": 11,
      "event": "return",
      "thread_id": 1
    },
    {
      "return_value": {
        "value": "None",
        "class": "builtins.NoneType"
      },
      "parent_id": 1,
      "id": 12,
      "event": "return",
      "thread_id": 1
    }
  ],
  "classMap": [
    {
      "name": "simple",
      "type": "package",
      "children": [
        {
          "name": "Simple",
          "type": "class",
          "children": [
            {
              "name": "get_numpy_dict",
              "type": "function",
              "location": "simple.py:18",
              "static": false
            },
            {
              "name": "hello",
              "type": "function",
              "location": "simple.py:2",
              "static": false
            },
            {
              "name": "hello_world",
              "type": "function",
              "location": "simple.py:8",
              "static": false
            },
            {
              "name": "show_numpy_dict",
              "type": "function",
              "location": "simple.py:11",
              "static": false
            },
            {
              "name": "world",
              "type": "function",
              "location": "simple.py:5",
              "static": false
            }
          ]
        }
      ]
    },
    {
      "name": "tests",
      "type": "package",
      "children": [
        {
          "name": "test_simple",
          "type": "class",
          "children": [
            {
              "name": "test_hello_world",
              "type": "function",
              "location": "tests/test_simple.py:6",
              "static": true
            }
          ]
        }
      ]
    }
  ]
}