../../unittest/expected/status_xsucceeded.metadata.json