{
  "test_status": "failed",
  "test_failure": {
    "message": "AssertionError: assert False",
    "location": "test_simple.py:21"
  },
  "exception": {
    "class": "AssertionError",
    "message": "assert False"
  }
}
