{
  "version": "1.9",
  "metadata": {
    "language": {
      "name": "python"
    },
    "client": {
      "name": "appmap",
      "url": "https://github.com/applandinc/appmap-python"
    },
    "feature_group": "Deferred",
    "recording": {
      "defined_class": "test.test_deferred.TestDeferred",
      "method_id": "test_hello_world",
      "source_location": "test/test_deferred.py:7"
    },
    "name": "Deferred hello world",
    "feature": "Hello world",
    "app": "deferred",
    "recorder": {
      "name": "pytest",
      "type": "tests"
    },
    "test_status": "succeeded"
  },
  "events": [
    {
      "defined_class": "test.test_deferred.TestDeferred",
      "method_id": "test_hello_world",
      "path": "test/test_deferred.py",
      "lineno": 8,
      "static": false,
      "receiver": {
        "name": "self",
        "kind": "req",
        "class": "test.test_deferred.TestDeferred",
        "value": "<test.test_deferred.TestDeferred testMethod=test_hello_world>"
      },
      "parameters": [],
      "id": 1,
      "event": "call",
      "thread_id": 1
    },
    {
      "return_value": {
        "class": "twisted.internet.defer.Deferred",
        "value": "<Deferred at 0xabcdef>"
      },
      "parent_id": 1,
      "id": 2,
      "event": "return",
      "thread_id": 1
    }
  ],
  "classMap": [
    {
      "name": "test",
      "type": "package",
      "children": [
        {
          "name": "test_deferred",
          "type": "package",
          "children": [
            {
              "name": "TestDeferred",
              "type": "class",
              "children": [
                {
                  "name": "test_hello_world",
                  "type": "function",
                  "location": "test/test_deferred.py:8",
                  "static": false
                }
              ]
            }
          ]
        }
      ]
    }
  ]
}